Running Debug|x64 interpreter...
